Downloading https://services.gradle.org/distributions/gradle-8.0-bin.zip
...........10%............20%............30%............40%............50%............60%...........70%............80%............90%............100%

Welcome to Gradle 8.0!

For more details see https://docs.gradle.org/8.0/release-notes.html

Starting a Gradle Daemon (subsequent builds will be faster)
WARNING: We recommend using a newer Android Gradle plugin to use compileSdk = 34

This Android Gradle plugin (8.1.0) was tested up to compileSdk = 33 (and compileSdkPreview = "UpsideDownCakePrivacySandbox").

You are strongly encouraged to update your project to use a newer
Android Gradle plugin that has been tested with compileSdk = 34.

If you are already using the latest version of the Android Gradle plugin,
you may need to wait until a newer version with support for compileSdk = 34 is available.

To suppress this warning, add/update
    android.suppressUnsupportedCompileSdk=34
to this project's gradle.properties.
This version only understands SDK XML versions up to 3 but an SDK XML file of version 4 was encountered. This can happen if you use versions of Android Studio and the command-line tools that were released at different times.
Checking the license for package Android SDK Build-Tools 33.0.1 in /usr/local/lib/android/sdk/licenses
License for package Android SDK Build-Tools 33.0.1 accepted.
Preparing "Install Android SDK Build-Tools 33.0.1 v.33.0.1".
"Install Android SDK Build-Tools 33.0.1 v.33.0.1" ready.
Installing Android SDK Build-Tools 33.0.1 in /usr/local/lib/android/sdk/build-tools/33.0.1
"Install Android SDK Build-Tools 33.0.1 v.33.0.1" complete.
"Install Android SDK Build-Tools 33.0.1 v.33.0.1" finished.
> Task :app:preBuild UP-TO-DATE
> Task :app:preDebugBuild UP-TO-DATE
> Task :app:mergeDebugNativeDebugMetadata NO-SOURCE
> Task :app:checkDebugAarMetadata FAILED

FAILURE: Build failed with an exception.

* What went wrong:
Execution failed for task ':app:checkDebugAarMetadata'.
> Configuration `:app:debugRuntimeClasspath` contains AndroidX dependencies, but the `android.useAndroidX` property is not enabled, which may cause runtime issues.
  Set `android.useAndroidX=true` in the `gradle.properties` file and retry.
  The following AndroidX dependencies are detected:
  :app:debugRuntimeClasspath -> androidx.core:core-ktx:1.12.0
  :app:debugRuntimeClasspath -> androidx.room:room-ktx:2.6.0 -> androidx.room:room-common:2.6.0 -> androidx.annotation:annotation:1.6.0
  :app:debugRuntimeClasspath -> androidx.room:room-ktx:2.6.0 -> androidx.room:room-common:2.6.0 -> androidx.annotation:annotation:1.6.0 -> androidx.annotation:annotation-jvm:1.6.0
  :app:debugRuntimeClasspath -> androidx.work:work-runtime-ktx:2.8.1 -> androidx.work:work-runtime:2.8.1 -> androidx.core:core:1.12.0
  :app:debugRuntimeClasspath -> androidx.work:work-runtime-ktx:2.8.1 -> androidx.work:work-runtime:2.8.1 -> androidx.annotation:annotation-experimental:1.3.0
  :app:debugRuntimeClasspath -> com.patrykandpatrick.vico:compose:1.12.0 -> androidx.appcompat:appcompat:1.6.1 -> androidx.appcompat:appcompat-resources:1.6.1 -> androidx.collection:collection:1.1.0
  :app:debugRuntimeClasspath -> androidx.work:work-runtime-ktx:2.8.1 -> androidx.work:work-runtime:2.8.1 -> androidx.core:core:1.12.0 -> androidx.concurrent:concurrent-futures:1.1.0
  :app:debugRuntimeClasspath -> com.patrykandpatrick.vico:compose:1.12.0 -> androidx.appcompat:appcompat:1.6.1 -> androidx.appcompat:appcompat-resources:1.6.1 -> androidx.vectordrawable:vectordrawable-animated:1.1.0 -> androidx.interpolator:interpolator:1.0.0
  :app:debugRuntimeClasspath -> androidx.compose.material3:material3:1.1.2 -> androidx.lifecycle:lifecycle-runtime:2.6.2
  :app:debugRuntimeClasspath -> com.patrykandpatrick.vico:compose:1.12.0 -> androidx.appcompat:appcompat:1.6.1 -> androidx.savedstate:savedstate:1.2.1 -> androidx.arch.core:core-common:2.2.0
  :app:debugRuntimeClasspath -> androidx.room:room-runtime:2.6.0 -> androidx.arch.core:core-runtime:2.2.0
  :app:debugRuntimeClasspath -> androidx.compose:compose-bom:2023.10.01 -> androidx.compose.ui:ui-tooling-android:1.5.4 -> androidx.lifecycle:lifecycle-common:2.6.2
  :app:debugRuntimeClasspath -> androidx.compose.material3:material3:1.1.2 -> androidx.lifecycle:lifecycle-common-java8:2.6.2
  :app:debugRuntimeClasspath -> androidx.work:work-runtime-ktx:2.8.1 -> androidx.work:work-runtime:2.8.1 -> androidx.lifecycle:lifecycle-livedata:2.6.2
  :app:debugRuntimeClasspath -> com.patrykandpatrick.vico:compose:1.12.0 -> androidx.appcompat:appcompat:1.6.1 -> androidx.fragment:fragment:1.3.6 -> androidx.lifecycle:lifecycle-livedata-core:2.6.2
  :app:debugRuntimeClasspath -> androidx.lifecycle:lifecycle-runtime-ktx:2.6.2
  :app:debugRuntimeClasspath -> androidx.activity:activity-ktx:1.8.0 -> androidx.lifecycle:lifecycle-viewmodel-ktx:2.6.2
  :app:debugRuntimeClasspath -> androidx.compose.material3:material3:1.1.2 -> androidx.lifecycle:lifecycle-viewmodel:2.6.2
  :app:debugRuntimeClasspath -> com.patrykandpatrick.vico:compose:1.12.0 -> androidx.appcompat:appcompat:1.6.1 -> androidx.fragment:fragment:1.3.6 -> androidx.lifecycle:lifecycle-viewmodel-savedstate:2.6.2
  :app:debugRuntimeClasspath -> com.patrykandpatrick.vico:compose:1.12.0 -> androidx.appcompat:appcompat:1.6.1 -> androidx.savedstate:savedstate:1.2.1
  :app:debugRuntimeClasspath -> androidx.compose.material3:material3:1.1.2 -> androidx.savedstate:savedstate-ktx:1.2.1
  :app:debugRuntimeClasspath -> androidx.work:work-runtime-ktx:2.8.1 -> androidx.work:work-runtime:2.8.1 -> androidx.lifecycle:lifecycle-service:2.6.2
  :app:debugRuntimeClasspath -> com.patrykandpatrick.vico:compose:1.12.0 -> androidx.appcompat:appcompat:1.6.1 -> androidx.emoji2:emoji2:1.4.0 -> androidx.lifecycle:lifecycle-process:2.6.2
  :app:debugRuntimeClasspath -> androidx.work:work-runtime-ktx:2.8.1 -> androidx.work:work-runtime:2.8.1 -> androidx.startup:startup-runtime:1.1.1
  :app:debugRuntimeClasspath -> com.patrykandpatrick.vico:compose:1.12.0 -> androidx.appcompat:appcompat:1.6.1 -> androidx.activity:activity:1.8.0 -> androidx.tracing:tracing:1.0.0
  :app:debugRuntimeClasspath -> com.patrykandpatrick.vico:compose:1.12.0 -> androidx.appcompat:appcompat:1.6.1 -> androidx.activity:activity:1.8.0 -> androidx.profileinstaller:profileinstaller:1.3.0
  :app:debugRuntimeClasspath -> androidx.work:work-runtime-ktx:2.8.1 -> androidx.work:work-runtime:2.8.1 -> androidx.core:core:1.12.0 -> androidx.versionedparcelable:versionedparcelable:1.1.1
  :app:debugRuntimeClasspath -> androidx.activity:activity-ktx:1.8.0
  :app:debugRuntimeClasspath -> com.patrykandpatrick.vico:compose:1.12.0 -> androidx.appcompat:appcompat:1.6.1 -> androidx.activity:activity:1.8.0
  :app:debugRuntimeClasspath -> androidx.activity:activity-compose:1.8.0
  :app:debugRuntimeClasspath -> androidx.compose:compose-bom:2023.10.01 -> androidx.compose.runtime:runtime:1.5.4
  :app:debugRuntimeClasspath -> androidx.compose:compose-bom:2023.10.01 -> androidx.compose.runtime:runtime-android:1.5.4
  :app:debugRuntimeClasspath -> androidx.compose:compose-bom:2023.10.01 -> androidx.compose.runtime:runtime-saveable:1.5.4
  :app:debugRuntimeClasspath -> androidx.compose:compose-bom:2023.10.01 -> androidx.compose.runtime:runtime-saveable-android:1.5.4
  :app:debugRuntimeClasspath -> androidx.compose.ui:ui:1.5.4
  :app:debugRuntimeClasspath -> androidx.compose:compose-bom:2023.10.01 -> androidx.compose.ui:ui-android:1.5.4
  :app:debugRuntimeClasspath -> androidx.compose:compose-bom:2023.10.01 -> androidx.compose.ui:ui-android:1.5.4 -> androidx.autofill:autofill:1.0.0
  :app:debugRuntimeClasspath -> androidx.compose:compose-bom:2023.10.01 -> androidx.compose.ui:ui-geometry:1.5.4
  :app:debugRuntimeClasspath -> androidx.compose:compose-bom:2023.10.01 -> androidx.compose.ui:ui-geometry-android:1.5.4
  :app:debugRuntimeClasspath -> androidx.compose:compose-bom:2023.10.01 -> androidx.compose.ui:ui-util:1.5.4
  :app:debugRuntimeClasspath -> androidx.compose:compose-bom:2023.10.01 -> androidx.compose.ui:ui-util-android:1.5.4
  :app:debugRuntimeClasspath -> androidx.compose.ui:ui-graphics:1.5.4
  :app:debugRuntimeClasspath -> androidx.compose:compose-bom:2023.10.01 -> androidx.compose.ui:ui-graphics-android:1.5.4
  :app:debugRuntimeClasspath -> androidx.compose:compose-bom:2023.10.01 -> androidx.compose.ui:ui-unit:1.5.4
  :app:debugRuntimeClasspath -> androidx.compose:compose-bom:2023.10.01 -> androidx.compose.ui:ui-unit-android:1.5.4
  :app:debugRuntimeClasspath -> androidx.compose:compose-bom:2023.10.01 -> androidx.compose.ui:ui-text:1.5.4
  :app:debugRuntimeClasspath -> androidx.compose:compose-bom:2023.10.01 -> androidx.compose.ui:ui-text-android:1.5.4
  :app:debugRuntimeClasspath -> com.patrykandpatrick.vico:compose:1.12.0 -> androidx.appcompat:appcompat:1.6.1 -> androidx.emoji2:emoji2:1.4.0
  :app:debugRuntimeClasspath -> com.patrykandpatrick.vico:compose:1.12.0 -> androidx.appcompat:appcompat:1.6.1 -> androidx.emoji2:emoji2-views-helper:1.4.0
  :app:debugRuntimeClasspath -> com.patrykandpatrick.vico:compose:1.12.0 -> androidx.compose.ui:ui-tooling:1.5.4
  :app:debugRuntimeClasspath -> androidx.compose:compose-bom:2023.10.01 -> androidx.compose.ui:ui-tooling-android:1.5.4
  :app:debugRuntimeClasspath -> androidx.compose:compose-bom:2023.10.01 -> androidx.compose.animation:animation:1.5.4
  :app:debugRuntimeClasspath -> androidx.compose:compose-bom:2023.10.01 -> androidx.compose.animation:animation-android:1.5.4
  :app:debugRuntimeClasspath -> androidx.compose:compose-bom:2023.10.01 -> androidx.compose.animation:animation-core:1.5.4
  :app:debugRuntimeClasspath -> androidx.compose:compose-bom:2023.10.01 -> androidx.compose.animation:animation-core-android:1.5.4
  :app:debugRuntimeClasspath -> androidx.compose:compose-bom:2023.10.01 -> androidx.compose.foundation:foundation-layout:1.5.4
  :app:debugRuntimeClasspath -> androidx.compose:compose-bom:2023.10.01 -> androidx.compose.foundation:foundation-layout-android:1.5.4
  :app:debugRuntimeClasspath -> com.patrykandpatrick.vico:compose:1.12.0 -> androidx.compose.foundation:foundation:1.5.4
  :app:debugRuntimeClasspath -> androidx.compose:compose-bom:2023.10.01 -> androidx.compose.foundation:foundation-android:1.5.4
  :app:debugRuntimeClasspath -> androidx.compose:compose-bom:2023.10.01 -> androidx.compose.material:material:1.5.4
  :app:debugRuntimeClasspath -> androidx.compose:compose-bom:2023.10.01 -> androidx.compose.material:material-android:1.5.4
  :app:debugRuntimeClasspath -> androidx.compose:compose-bom:2023.10.01 -> androidx.compose.material:material-icons-core:1.5.4
  :app:debugRuntimeClasspath -> androidx.compose:compose-bom:2023.10.01 -> androidx.compose.material:material-icons-core-android:1.5.4
  :app:debugRuntimeClasspath -> androidx.compose:compose-bom:2023.10.01 -> androidx.compose.material:material-ripple:1.5.4
  :app:debugRuntimeClasspath -> androidx.compose:compose-bom:2023.10.01 -> androidx.compose.material:material-ripple-android:1.5.4
  :app:debugRuntimeClasspath -> androidx.compose:compose-bom:2023.10.01 -> androidx.compose.ui:ui-tooling-data:1.5.4
  :app:debugRuntimeClasspath -> androidx.compose:compose-bom:2023.10.01 -> androidx.compose.ui:ui-tooling-data-android:1.5.4
  :app:debugRuntimeClasspath -> androidx.compose.ui:ui-tooling-preview:1.5.4
  :app:debugRuntimeClasspath -> androidx.compose:compose-bom:2023.10.01 -> androidx.compose.ui:ui-tooling-preview-android:1.5.4
  :app:debugRuntimeClasspath -> androidx.compose:compose-bom:2023.10.01 -> androidx.compose.ui:ui-android:1.5.4 -> androidx.customview:customview-poolingcontainer:1.0.0
  :app:debugRuntimeClasspath -> androidx.compose:compose-bom:2023.10.01
  :app:debugRuntimeClasspath -> androidx.compose.material3:material3:1.1.2
  :app:debugRuntimeClasspath -> androidx.room:room-runtime:2.6.0
  :app:debugRuntimeClasspath -> androidx.room:room-ktx:2.6.0 -> androidx.room:room-common:2.6.0
  :app:debugRuntimeClasspath -> androidx.room:room-ktx:2.6.0
  :app:debugRuntimeClasspath -> androidx.room:room-runtime:2.6.0 -> androidx.sqlite:sqlite:2.4.0
  :app:debugRuntimeClasspath -> androidx.work:work-runtime-ktx:2.8.1 -> androidx.work:work-runtime:2.8.1 -> androidx.sqlite:sqlite-framework:2.4.0
  :app:debugRuntimeClasspath -> androidx.work:work-runtime-ktx:2.8.1
  :app:debugRuntimeClasspath -> androidx.work:work-runtime-ktx:2.8.1 -> androidx.work:work-runtime:2.8.1
  :app:debugRuntimeClasspath -> com.patrykandpatrick.vico:compose:1.12.0 -> androidx.appcompat:appcompat:1.6.1
  :app:debugRuntimeClasspath -> com.patrykandpatrick.vico:compose:1.12.0 -> androidx.appcompat:appcompat:1.6.1 -> androidx.appcompat:appcompat-resources:1.6.1
  :app:debugRuntimeClasspath -> com.patrykandpatrick.vico:compose:1.12.0 -> androidx.appcompat:appcompat:1.6.1 -> androidx.appcompat:appcompat-resources:1.6.1 -> androidx.vectordrawable:vectordrawable:1.1.0
  :app:debugRuntimeClasspath -> com.patrykandpatrick.vico:compose:1.12.0 -> androidx.appcompat:appcompat:1.6.1 -> androidx.appcompat:appcompat-resources:1.6.1 -> androidx.vectordrawable:vectordrawable-animated:1.1.0
  :app:debugRuntimeClasspath -> com.patrykandpatrick.vico:compose:1.12.0 -> androidx.appcompat:appcompat:1.6.1 -> androidx.cursoradapter:cursoradapter:1.0.0
  :app:debugRuntimeClasspath -> com.patrykandpatrick.vico:compose:1.12.0 -> androidx.appcompat:appcompat:1.6.1 -> androidx.drawerlayout:drawerlayout:1.0.0
  :app:debugRuntimeClasspath -> com.patrykandpatrick.vico:compose:1.12.0 -> androidx.appcompat:appcompat:1.6.1 -> androidx.drawerlayout:drawerlayout:1.0.0 -> androidx.customview:customview:1.0.0
  :app:debugRuntimeClasspath -> com.patrykandpatrick.vico:compose:1.12.0 -> androidx.appcompat:appcompat:1.6.1 -> androidx.fragment:fragment:1.3.6
  :app:debugRuntimeClasspath -> com.patrykandpatrick.vico:compose:1.12.0 -> androidx.appcompat:appcompat:1.6.1 -> androidx.fragment:fragment:1.3.6 -> androidx.viewpager:viewpager:1.0.0
  :app:debugRuntimeClasspath -> com.patrykandpatrick.vico:compose:1.12.0 -> androidx.appcompat:appcompat:1.6.1 -> androidx.fragment:fragment:1.3.6 -> androidx.loader:loader:1.0.0
  :app:debugRuntimeClasspath -> com.patrykandpatrick.vico:compose:1.12.0 -> androidx.appcompat:appcompat:1.6.1 -> androidx.resourceinspection:resourceinspection-annotation:1.0.1

* Try:
> Run with --info or --debug option to get more log output.
> Run with --scan to get full insights.

* Exception is:
org.gradle.api.tasks.TaskExecutionException: Execution failed for task ':app:checkDebugAarMetadata'.
	at org.gradle.api.internal.tasks.execution.CatchExceptionTaskExecuter.execute(CatchExceptionTaskExecuter.java:38)
	at org.gradle.api.internal.tasks.execution.EventFiringTaskExecuter$1.executeTask(EventFiringTaskExecuter.java:77)
	at org.gradle.api.internal.tasks.execution.EventFiringTaskExecuter$1.call(EventFiringTaskExecuter.java:55)
	at org.gradle.api.internal.tasks.execution.EventFiringTaskExecuter$1.call(EventFiringTaskExecuter.java:52)
	at org.gradle.internal.operations.DefaultBuildOperationRunner$CallableBuildOperationWorker.execute(DefaultBuildOperationRunner.java:204)
	at org.gradle.internal.operations.DefaultBuildOperationRunner$CallableBuildOperationWorker.execute(DefaultBuildOperationRunner.java:199)
	at org.gradle.internal.operations.DefaultBuildOperationRunner$2.execute(DefaultBuildOperationRunner.java:66)
	at org.gradle.internal.operations.DefaultBuildOperationRunner$2.execute(DefaultBuildOperationRunner.java:59)
	at org.gradle.internal.operations.DefaultBuildOperationRunner.execute(DefaultBuildOperationRunner.java:157)
	at org.gradle.internal.operations.DefaultBuildOperationRunner.execute(DefaultBuildOperationRunner.java:59)
	at org.gradle.internal.operations.DefaultBuildOperationRunner.call(DefaultBuildOperationRunner.java:53)
	at org.gradle.internal.operations.DefaultBuildOperationExecutor.call(DefaultBuildOperationExecutor.java:73)
	at org.gradle.api.internal.tasks.execution.EventFiringTaskExecuter.execute(EventFiringTaskExecuter.java:52)
	at org.gradle.execution.plan.LocalTaskNodeExecutor.execute(LocalTaskNodeExecutor.java:42)
	at org.gradle.execution.taskgraph.DefaultTaskExecutionGraph$InvokeNodeExecutorsAction.execute(DefaultTaskExecutionGraph.java:338)
	at org.gradle.execution.taskgraph.DefaultTaskExecutionGraph$InvokeNodeExecutorsAction.execute(DefaultTaskExecutionGraph.java:325)
	at org.gradle.execution.taskgraph.DefaultTaskExecutionGraph$BuildOperationAwareExecutionAction.execute(DefaultTaskExecutionGraph.java:318)
	at org.gradle.execution.taskgraph.DefaultTaskExecutionGraph$BuildOperationAwareExecutionAction.execute(DefaultTaskExecutionGraph.java:304)
	at org.gradle.execution.plan.DefaultPlanExecutor$ExecutorWorker.execute(DefaultPlanExecutor.java:463)
	at org.gradle.execution.plan.DefaultPlanExecutor$ExecutorWorker.run(DefaultPlanExecutor.java:380)
	at org.gradle.internal.concurrent.ExecutorPolicy$CatchAndRecordFailures.onExecute(ExecutorPolicy.java:64)
	at org.gradle.internal.concurrent.ManagedExecutorImpl$1.run(ManagedExecutorImpl.java:49)
Caused by: com.android.builder.errors.EvalIssueException: Configuration `:app:debugRuntimeClasspath` contains AndroidX dependencies, but the `android.useAndroidX` property is not enabled, which may cause runtime issues.
Set `android.useAndroidX=true` in the `gradle.properties` file and retry.
The following AndroidX dependencies are detected:
:app:debugRuntimeClasspath -> androidx.core:core-ktx:1.12.0
:app:debugRuntimeClasspath -> androidx.room:room-ktx:2.6.0 -> androidx.room:room-common:2.6.0 -> androidx.annotation:annotation:1.6.0
:app:debugRuntimeClasspath -> androidx.room:room-ktx:2.6.0 -> androidx.room:room-common:2.6.0 -> androidx.annotation:annotation:1.6.0 -> androidx.annotation:annotation-jvm:1.6.0
:app:debugRuntimeClasspath -> androidx.work:work-runtime-ktx:2.8.1 -> androidx.work:work-runtime:2.8.1 -> androidx.core:core:1.12.0
:app:debugRuntimeClasspath -> androidx.work:work-runtime-ktx:2.8.1 -> androidx.work:work-runtime:2.8.1 -> androidx.annotation:annotation-experimental:1.3.0
:app:debugRuntimeClasspath -> com.patrykandpatrick.vico:compose:1.12.0 -> androidx.appcompat:appcompat:1.6.1 -> androidx.appcompat:appcompat-resources:1.6.1 -> androidx.collection:collection:1.1.0
:app:debugRuntimeClasspath -> androidx.work:work-runtime-ktx:2.8.1 -> androidx.work:work-runtime:2.8.1 -> androidx.core:core:1.12.0 -> androidx.concurrent:concurrent-futures:1.1.0
:app:debugRuntimeClasspath -> com.patrykandpatrick.vico:compose:1.12.0 -> androidx.appcompat:appcompat:1.6.1 -> androidx.appcompat:appcompat-resources:1.6.1 -> androidx.vectordrawable:vectordrawable-animated:1.1.0 -> androidx.interpolator:interpolator:1.0.0
:app:debugRuntimeClasspath -> androidx.compose.material3:material3:1.1.2 -> androidx.lifecycle:lifecycle-runtime:2.6.2
:app:debugRuntimeClasspath -> com.patrykandpatrick.vico:compose:1.12.0 -> androidx.appcompat:appcompat:1.6.1 -> androidx.savedstate:savedstate:1.2.1 -> androidx.arch.core:core-common:2.2.0
:app:debugRuntimeClasspath -> androidx.room:room-runtime:2.6.0 -> androidx.arch.core:core-runtime:2.2.0
:app:debugRuntimeClasspath -> androidx.compose:compose-bom:2023.10.01 -> androidx.compose.ui:ui-tooling-android:1.5.4 -> androidx.lifecycle:lifecycle-common:2.6.2
:app:debugRuntimeClasspath -> androidx.compose.material3:material3:1.1.2 -> androidx.lifecycle:lifecycle-common-java8:2.6.2
:app:debugRuntimeClasspath -> androidx.work:work-runtime-ktx:2.8.1 -> androidx.work:work-runtime:2.8.1 -> androidx.lifecycle:lifecycle-livedata:2.6.2
:app:debugRuntimeClasspath -> com.patrykandpatrick.vico:compose:1.12.0 -> androidx.appcompat:appcompat:1.6.1 -> androidx.fragment:fragment:1.3.6 -> androidx.lifecycle:lifecycle-livedata-core:2.6.2
:app:debugRuntimeClasspath -> androidx.lifecycle:lifecycle-runtime-ktx:2.6.2
:app:debugRuntimeClasspath -> androidx.activity:activity-ktx:1.8.0 -> androidx.lifecycle:lifecycle-viewmodel-ktx:2.6.2
:app:debugRuntimeClasspath -> androidx.compose.material3:material3:1.1.2 -> androidx.lifecycle:lifecycle-viewmodel:2.6.2
:app:debugRuntimeClasspath -> com.patrykandpatrick.vico:compose:1.12.0 -> androidx.appcompat:appcompat:1.6.1 -> androidx.fragment:fragment:1.3.6 -> androidx.lifecycle:lifecycle-viewmodel-savedstate:2.6.2
:app:debugRuntimeClasspath -> com.patrykandpatrick.vico:compose:1.12.0 -> androidx.appcompat:appcompat:1.6.1 -> androidx.savedstate:savedstate:1.2.1
:app:debugRuntimeClasspath -> androidx.compose.material3:material3:1.1.2 -> androidx.savedstate:savedstate-ktx:1.2.1
:app:debugRuntimeClasspath -> androidx.work:work-runtime-ktx:2.8.1 -> androidx.work:work-runtime:2.8.1 -> androidx.lifecycle:lifecycle-service:2.6.2
:app:debugRuntimeClasspath -> com.patrykandpatrick.vico:compose:1.12.0 -> androidx.appcompat:appcompat:1.6.1 -> androidx.emoji2:emoji2:1.4.0 -> androidx.lifecycle:lifecycle-process:2.6.2
:app:debugRuntimeClasspath -> androidx.work:work-runtime-ktx:2.8.1 -> androidx.work:work-runtime:2.8.1 -> androidx.startup:startup-runtime:1.1.1
:app:debugRuntimeClasspath -> com.patrykandpatrick.vico:compose:1.12.0 -> androidx.appcompat:appcompat:1.6.1 -> androidx.activity:activity:1.8.0 -> androidx.tracing:tracing:1.0.0
:app:debugRuntimeClasspath -> com.patrykandpatrick.vico:compose:1.12.0 -> androidx.appcompat:appcompat:1.6.1 -> androidx.activity:activity:1.8.0 -> androidx.profileinstaller:profileinstaller:1.3.0
:app:debugRuntimeClasspath -> androidx.work:work-runtime-ktx:2.8.1 -> androidx.work:work-runtime:2.8.1 -> androidx.core:core:1.12.0 -> androidx.versionedparcelable:versionedparcelable:1.1.1
:app:debugRuntimeClasspath -> androidx.activity:activity-ktx:1.8.0
:app:debugRuntimeClasspath -> com.patrykandpatrick.vico:compose:1.12.0 -> androidx.appcompat:appcompat:1.6.1 -> androidx.activity:activity:1.8.0
:app:debugRuntimeClasspath -> androidx.activity:activity-compose:1.8.0
:app:debugRuntimeClasspath -> androidx.compose:compose-bom:2023.10.01 -> androidx.compose.runtime:runtime:1.5.4
:app:debugRuntimeClasspath -> androidx.compose:compose-bom:2023.10.01 -> androidx.compose.runtime:runtime-android:1.5.4
:app:debugRuntimeClasspath -> androidx.compose:compose-bom:2023.10.01 -> androidx.compose.runtime:runtime-saveable:1.5.4
:app:debugRuntimeClasspath -> androidx.compose:compose-bom:2023.10.01 -> androidx.compose.runtime:runtime-saveable-android:1.5.4
:app:debugRuntimeClasspath -> androidx.compose.ui:ui:1.5.4
:app:debugRuntimeClasspath -> androidx.compose:compose-bom:2023.10.01 -> androidx.compose.ui:ui-android:1.5.4
:app:debugRuntimeClasspath -> androidx.compose:compose-bom:2023.10.01 -> androidx.compose.ui:ui-android:1.5.4 -> androidx.autofill:autofill:1.0.0
:app:debugRuntimeClasspath -> androidx.compose:compose-bom:2023.10.01 -> androidx.compose.ui:ui-geometry:1.5.4
:app:debugRuntimeClasspath -> androidx.compose:compose-bom:2023.10.01 -> androidx.compose.ui:ui-geometry-android:1.5.4
:app:debugRuntimeClasspath -> androidx.compose:compose-bom:2023.10.01 -> androidx.compose.ui:ui-util:1.5.4
:app:debugRuntimeClasspath -> androidx.compose:compose-bom:2023.10.01 -> androidx.compose.ui:ui-util-android:1.5.4
:app:debugRuntimeClasspath -> androidx.compose.ui:ui-graphics:1.5.4
:app:debugRuntimeClasspath -> androidx.compose:compose-bom:2023.10.01 -> androidx.compose.ui:ui-graphics-android:1.5.4
:app:debugRuntimeClasspath -> androidx.compose:compose-bom:2023.10.01 -> androidx.compose.ui:ui-unit:1.5.4
:app:debugRuntimeClasspath -> androidx.compose:compose-bom:2023.10.01 -> androidx.compose.ui:ui-unit-android:1.5.4
:app:debugRuntimeClasspath -> androidx.compose:compose-bom:2023.10.01 -> androidx.compose.ui:ui-text:1.5.4
:app:debugRuntimeClasspath -> androidx.compose:compose-bom:2023.10.01 -> androidx.compose.ui:ui-text-android:1.5.4
:app:debugRuntimeClasspath -> com.patrykandpatrick.vico:compose:1.12.0 -> androidx.appcompat:appcompat:1.6.1 -> androidx.emoji2:emoji2:1.4.0
:app:debugRuntimeClasspath -> com.patrykandpatrick.vico:compose:1.12.0 -> androidx.appcompat:appcompat:1.6.1 -> androidx.emoji2:emoji2-views-helper:1.4.0
:app:debugRuntimeClasspath -> com.patrykandpatrick.vico:compose:1.12.0 -> androidx.compose.ui:ui-tooling:1.5.4
:app:debugRuntimeClasspath -> androidx.compose:compose-bom:2023.10.01 -> androidx.compose.ui:ui-tooling-android:1.5.4
:app:debugRuntimeClasspath -> androidx.compose:compose-bom:2023.10.01 -> androidx.compose.animation:animation:1.5.4
:app:debugRuntimeClasspath -> androidx.compose:compose-bom:2023.10.01 -> androidx.compose.animation:animation-android:1.5.4
:app:debugRuntimeClasspath -> androidx.compose:compose-bom:2023.10.01 -> androidx.compose.animation:animation-core:1.5.4
:app:debugRuntimeClasspath -> androidx.compose:compose-bom:2023.10.01 -> androidx.compose.animation:animation-core-android:1.5.4
:app:debugRuntimeClasspath -> androidx.compose:compose-bom:2023.10.01 -> androidx.compose.foundation:foundation-layout:1.5.4
:app:debugRuntimeClasspath -> androidx.compose:compose-bom:2023.10.01 -> androidx.compose.foundation:foundation-layout-android:1.5.4
:app:debugRuntimeClasspath -> com.patrykandpatrick.vico:compose:1.12.0 -> androidx.compose.foundation:foundation:1.5.4
:app:debugRuntimeClasspath -> androidx.compose:compose-bom:2023.10.01 -> androidx.compose.foundation:foundation-android:1.5.4
:app:debugRuntimeClasspath -> androidx.compose:compose-bom:2023.10.01 -> androidx.compose.material:material:1.5.4
:app:debugRuntimeClasspath -> androidx.compose:compose-bom:2023.10.01 -> androidx.compose.material:material-android:1.5.4
:app:debugRuntimeClasspath -> androidx.compose:compose-bom:2023.10.01 -> androidx.compose.material:material-icons-core:1.5.4
:app:debugRuntimeClasspath -> androidx.compose:compose-bom:2023.10.01 -> androidx.compose.material:material-icons-core-android:1.5.4
:app:debugRuntimeClasspath -> androidx.compose:compose-bom:2023.10.01 -> androidx.compose.material:material-ripple:1.5.4
:app:debugRuntimeClasspath -> androidx.compose:compose-bom:2023.10.01 -> androidx.compose.material:material-ripple-android:1.5.4
:app:debugRuntimeClasspath -> androidx.compose:compose-bom:2023.10.01 -> androidx.compose.ui:ui-tooling-data:1.5.4
:app:debugRuntimeClasspath -> androidx.compose:compose-bom:2023.10.01 -> androidx.compose.ui:ui-tooling-data-android:1.5.4
:app:debugRuntimeClasspath -> androidx.compose.ui:ui-tooling-preview:1.5.4
:app:debugRuntimeClasspath -> androidx.compose:compose-bom:2023.10.01 -> androidx.compose.ui:ui-tooling-preview-android:1.5.4
:app:debugRuntimeClasspath -> androidx.compose:compose-bom:2023.10.01 -> androidx.compose.ui:ui-android:1.5.4 -> androidx.customview:customview-poolingcontainer:1.0.0
:app:debugRuntimeClasspath -> androidx.compose:compose-bom:2023.10.01
:app:debugRuntimeClasspath -> androidx.compose.material3:material3:1.1.2
:app:debugRuntimeClasspath -> androidx.room:room-runtime:2.6.0
:app:debugRuntimeClasspath -> androidx.room:room-ktx:2.6.0 -> androidx.room:room-common:2.6.0
:app:debugRuntimeClasspath -> androidx.room:room-ktx:2.6.0
:app:debugRuntimeClasspath -> androidx.room:room-runtime:2.6.0 -> androidx.sqlite:sqlite:2.4.0
:app:debugRuntimeClasspath -> androidx.work:work-runtime-ktx:2.8.1 -> androidx.work:work-runtime:2.8.1 -> androidx.sqlite:sqlite-framework:2.4.0
:app:debugRuntimeClasspath -> androidx.work:work-runtime-ktx:2.8.1
:app:debugRuntimeClasspath -> androidx.work:work-runtime-ktx:2.8.1 -> androidx.work:work-runtime:2.8.1
:app:debugRuntimeClasspath -> com.patrykandpatrick.vico:compose:1.12.0 -> androidx.appcompat:appcompat:1.6.1
:app:debugRuntimeClasspath -> com.patrykandpatrick.vico:compose:1.12.0 -> androidx.appcompat:appcompat:1.6.1 -> androidx.appcompat:appcompat-resources:1.6.1
:app:debugRuntimeClasspath -> com.patrykandpatrick.vico:compose:1.12.0 -> androidx.appcompat:appcompat:1.6.1 -> androidx.appcompat:appcompat-resources:1.6.1 -> androidx.vectordrawable:vectordrawable:1.1.0
:app:debugRuntimeClasspath -> com.patrykandpatrick.vico:compose:1.12.0 -> androidx.appcompat:appcompat:1.6.1 -> androidx.appcompat:appcompat-resources:1.6.1 -> androidx.vectordrawable:vectordrawable-animated:1.1.0
:app:debugRuntimeClasspath -> com.patrykandpatrick.vico:compose:1.12.0 -> androidx.appcompat:appcompat:1.6.1 -> androidx.cursoradapter:cursoradapter:1.0.0
:app:debugRuntimeClasspath -> com.patrykandpatrick.vico:compose:1.12.0 -> androidx.appcompat:appcompat:1.6.1 -> androidx.drawerlayout:drawerlayout:1.0.0
:app:debugRuntimeClasspath -> com.patrykandpatrick.vico:compose:1.12.0 -> androidx.appcompat:appcompat:1.6.1 -> androidx.drawerlayout:drawerlayout:1.0.0 -> androidx.customview:customview:1.0.0
:app:debugRuntimeClasspath -> com.patrykandpatrick.vico:compose:1.12.0 -> androidx.appcompat:appcompat:1.6.1 -> androidx.fragment:fragment:1.3.6
:app:debugRuntimeClasspath -> com.patrykandpatrick.vico:compose:1.12.0 -> androidx.appcompat:appcompat:1.6.1 -> androidx.fragment:fragment:1.3.6 -> androidx.viewpager:viewpager:1.0.0
:app:debugRuntimeClasspath -> com.patrykandpatrick.vico:compose:1.12.0 -> androidx.appcompat:appcompat:1.6.1 -> androidx.fragment:fragment:1.3.6 -> androidx.loader:loader:1.0.0
:app:debugRuntimeClasspath -> com.patrykandpatrick.vico:compose:1.12.0 -> androidx.appcompat:appcompat:1.6.1 -> androidx.resourceinspection:resourceinspection-annotation:1.0.1
	at com.android.builder.errors.IssueReporter.reportError(IssueReporter.kt:114)
	at com.android.builder.errors.IssueReporter.reportError$default(IssueReporter.kt:110)
	at com.android.build.gradle.internal.dependency.AndroidXDependencyCheck$AndroidXDisabledJetifierDisabled.execute(AndroidXDependencyCheck.kt:77)
	at com.android.build.gradle.internal.dependency.AndroidXDependencyCheck$AndroidXDisabledJetifierDisabled.execute(AndroidXDependencyCheck.kt:42)
	at org.gradle.configuration.internal.DefaultUserCodeApplicationContext$CurrentApplication$1.execute(DefaultUserCodeApplicationContext.java:123)
	at org.gradle.internal.event.BroadcastDispatch$ActionInvocationHandler.dispatch(BroadcastDispatch.java:97)
	at org.gradle.internal.event.BroadcastDispatch$ActionInvocationHandler.dispatch(BroadcastDispatch.java:85)
	at org.gradle.internal.event.AbstractBroadcastDispatch.dispatch(AbstractBroadcastDispatch.java:43)
	at org.gradle.internal.event.BroadcastDispatch$SingletonDispatch.dispatch(BroadcastDispatch.java:257)
	at org.gradle.internal.event.BroadcastDispatch$SingletonDispatch.dispatch(BroadcastDispatch.java:164)
	at org.gradle.internal.event.AbstractBroadcastDispatch.dispatch(AbstractBroadcastDispatch.java:83)
	at org.gradle.internal.event.AbstractBroadcastDispatch.dispatch(AbstractBroadcastDispatch.java:69)
	at org.gradle.internal.event.BroadcastDispatch$CompositeDispatch.dispatch(BroadcastDispatch.java:363)
	at org.gradle.internal.event.BroadcastDispatch$CompositeDispatch.dispatch(BroadcastDispatch.java:261)
	at org.gradle.internal.event.ListenerBroadcast.dispatch(ListenerBroadcast.java:148)
	at org.gradle.internal.event.ListenerBroadcast.dispatch(ListenerBroadcast.java:37)
	at org.gradle.internal.dispatch.ProxyDispatchAdapter$DispatchingInvocationHandler.invoke(ProxyDispatchAdapter.java:94)
	at jdk.proxy1/jdk.proxy1.$Proxy62.afterResolve(Unknown Source)
	at org.gradle.api.internal.artifacts.configurations.DefaultConfiguration$1.call(DefaultConfiguration.java:682)
	at org.gradle.api.internal.artifacts.configurations.DefaultConfiguration$1.call(DefaultConfiguration.java:660)
	at org.gradle.internal.operations.DefaultBuildOperationRunner$CallableBuildOperationWorker.execute(DefaultBuildOperationRunner.java:204)
	at org.gradle.internal.operations.DefaultBuildOperationRunner$CallableBuildOperationWorker.execute(DefaultBuildOperationRunner.java:199)
	at org.gradle.internal.operations.DefaultBuildOperationRunner$2.execute(DefaultBuildOperationRunner.java:66)
	at org.gradle.internal.operations.DefaultBuildOperationRunner$2.execute(DefaultBuildOperationRunner.java:59)
	at org.gradle.internal.operations.DefaultBuildOperationRunner.execute(DefaultBuildOperationRunner.java:157)
	at org.gradle.internal.operations.DefaultBuildOperationRunner.execute(DefaultBuildOperationRunner.java:59)
	at org.gradle.internal.operations.DefaultBuildOperationRunner.call(DefaultBuildOperationRunner.java:53)
	at org.gradle.internal.operations.DefaultBuildOperationExecutor.call(DefaultBuildOperationExecutor.java:73)
	at org.gradle.api.internal.artifacts.configurations.DefaultConfiguration.resolveGraphIfRequired(DefaultConfiguration.java:660)
	at org.gradle.api.internal.artifacts.configurations.DefaultConfiguration.lambda$resolveExclusively$4(DefaultConfiguration.java:640)
	at org.gradle.api.internal.project.DefaultProjectStateRegistry$CalculatedModelValueImpl.update(DefaultProjectStateRegistry.java:486)
	at org.gradle.api.internal.artifacts.configurations.DefaultConfiguration.resolveExclusively(DefaultConfiguration.java:637)
	at org.gradle.api.internal.artifacts.configurations.DefaultConfiguration.resolveToStateOrLater(DefaultConfiguration.java:624)
	at org.gradle.api.internal.artifacts.configurations.DefaultConfiguration.access$1900(DefaultConfiguration.java:166)
	at org.gradle.api.internal.artifacts.configurations.DefaultConfiguration$SelectedArtifactsProvider.getValue(DefaultConfiguration.java:1505)
	at org.gradle.api.internal.artifacts.configurations.DefaultConfiguration$SelectedArtifactsProvider.getValue(DefaultConfiguration.java:1495)
	at org.gradle.api.internal.artifacts.configurations.DefaultConfiguration$ConfigurationFileCollection.getSelectedArtifacts(DefaultConfiguration.java:1574)
	at org.gradle.api.internal.artifacts.configurations.DefaultConfiguration$ConfigurationFileCollection.visitContents(DefaultConfiguration.java:1561)
	at org.gradle.api.internal.file.AbstractFileCollection.visitStructure(AbstractFileCollection.java:366)
	at org.gradle.api.internal.file.CompositeFileCollection.lambda$visitContents$0(CompositeFileCollection.java:124)
	at org.gradle.api.internal.file.collections.UnpackingVisitor.add(UnpackingVisitor.java:67)
	at org.gradle.api.internal.file.collections.UnpackingVisitor.add(UnpackingVisitor.java:92)
	at org.gradle.api.internal.file.DefaultFileCollectionFactory$ResolvingFileCollection.visitChildren(DefaultFileCollectionFactory.java:254)
	at org.gradle.api.internal.file.CompositeFileCollection.visitContents(CompositeFileCollection.java:124)
	at org.gradle.api.internal.file.AbstractFileCollection.visitStructure(AbstractFileCollection.java:366)
	at org.gradle.api.internal.file.CompositeFileCollection.lambda$visitContents$0(CompositeFileCollection.java:124)
	at org.gradle.api.internal.tasks.PropertyFileCollection.visitChildren(PropertyFileCollection.java:48)
	at org.gradle.api.internal.file.CompositeFileCollection.visitContents(CompositeFileCollection.java:124)
	at org.gradle.api.internal.file.AbstractFileCollection.visitStructure(AbstractFileCollection.java:366)
	at org.gradle.internal.fingerprint.impl.DefaultFileCollectionSnapshotter.snapshot(DefaultFileCollectionSnapshotter.java:47)
	at org.gradle.internal.execution.impl.DefaultInputFingerprinter$InputCollectingVisitor.visitInputFileProperty(DefaultInputFingerprinter.java:133)
	at org.gradle.api.internal.tasks.execution.TaskExecution.visitRegularInputs(TaskExecution.java:322)
	at org.gradle.internal.execution.impl.DefaultInputFingerprinter.fingerprintInputProperties(DefaultInputFingerprinter.java:63)
	at org.gradle.internal.execution.steps.CaptureStateBeforeExecutionStep.captureExecutionStateWithOutputs(CaptureStateBeforeExecutionStep.java:123)
	at org.gradle.internal.execution.steps.CaptureStateBeforeExecutionStep.lambda$captureExecutionState$1(CaptureStateBeforeExecutionStep.java:82)
	at org.gradle.internal.execution.steps.BuildOperationStep$1.call(BuildOperationStep.java:37)
	at org.gradle.internal.operations.DefaultBuildOperationRunner$CallableBuildOperationWorker.execute(DefaultBuildOperationRunner.java:204)
	at org.gradle.internal.operations.DefaultBuildOperationRunner$CallableBuildOperationWorker.execute(DefaultBuildOperationRunner.java:199)
	at org.gradle.internal.operations.DefaultBuildOperationRunner$2.execute(DefaultBuildOperationRunner.java:66)
	at org.gradle.internal.operations.DefaultBuildOperationRunner$2.execute(DefaultBuildOperationRunner.java:59)
	at org.gradle.internal.operations.DefaultBuildOperationRunner.execute(DefaultBuildOperationRunner.java:157)
	at org.gradle.internal.operations.DefaultBuildOperationRunner.execute(DefaultBuildOperationRunner.java:59)
	at org.gradle.internal.operations.DefaultBuildOperationRunner.call(DefaultBuildOperationRunner.java:53)
	at org.gradle.internal.operations.DefaultBuildOperationExecutor.call(DefaultBuildOperationExecutor.java:73)
	at org.gradle.internal.execution.steps.BuildOperationStep.operation(BuildOperationStep.java:34)
	at org.gradle.internal.execution.steps.CaptureStateBeforeExecutionStep.captureExecutionState(CaptureStateBeforeExecutionStep.java:76)
	at org.gradle.internal.execution.steps.CaptureStateBeforeExecutionStep.lambda$execute$0(CaptureStateBeforeExecutionStep.java:70)
	at org.gradle.internal.execution.steps.CaptureStateBeforeExecutionStep.execute(CaptureStateBeforeExecutionStep.java:70)
	at org.gradle.internal.execution.steps.CaptureStateBeforeExecutionStep.execute(CaptureStateBeforeExecutionStep.java:45)
	at org.gradle.internal.execution.steps.SkipEmptyWorkStep.executeWithNonEmptySources(SkipEmptyWorkStep.java:177)
	at org.gradle.internal.execution.steps.SkipEmptyWorkStep.execute(SkipEmptyWorkStep.java:81)
	at org.gradle.internal.execution.steps.SkipEmptyWorkStep.execute(SkipEmptyWorkStep.java:53)
	at org.gradle.internal.execution.steps.RemoveUntrackedExecutionStateStep.execute(RemoveUntrackedExecutionStateStep.java:32)
	at org.gradle.internal.execution.steps.RemoveUntrackedExecutionStateStep.execute(RemoveUntrackedExecutionStateStep.java:21)
	at org.gradle.internal.execution.steps.legacy.MarkSnapshottingInputsStartedStep.execute(MarkSnapshottingInputsStartedStep.java:38)
	at org.gradle.internal.execution.steps.LoadPreviousExecutionStateStep.execute(LoadPreviousExecutionStateStep.java:36)
	at org.gradle.internal.execution.steps.LoadPreviousExecutionStateStep.execute(LoadPreviousExecutionStateStep.java:23)
	at org.gradle.internal.execution.steps.CleanupStaleOutputsStep.execute(CleanupStaleOutputsStep.java:75)
	at org.gradle.internal.execution.steps.CleanupStaleOutputsStep.execute(CleanupStaleOutputsStep.java:41)
	at org.gradle.internal.execution.steps.AssignWorkspaceStep.lambda$execute$0(AssignWorkspaceStep.java:32)
	at org.gradle.api.internal.tasks.execution.TaskExecution$4.withWorkspace(TaskExecution.java:287)
	at org.gradle.internal.execution.steps.AssignWorkspaceStep.execute(AssignWorkspaceStep.java:30)
	at org.gradle.internal.execution.steps.AssignWorkspaceStep.execute(AssignWorkspaceStep.java:21)
	at org.gradle.internal.execution.steps.IdentityCacheStep.execute(IdentityCacheStep.java:37)
	at org.gradle.internal.execution.steps.IdentityCacheStep.execute(IdentityCacheStep.java:27)
	at org.gradle.internal.execution.steps.IdentifyStep.execute(IdentifyStep.java:42)
	at org.gradle.internal.execution.steps.IdentifyStep.execute(IdentifyStep.java:31)
	at org.gradle.internal.execution.impl.DefaultExecutionEngine$1.execute(DefaultExecutionEngine.java:64)
	at org.gradle.api.internal.tasks.execution.ExecuteActionsTaskExecuter.executeIfValid(ExecuteActionsTaskExecuter.java:146)
	at org.gradle.api.internal.tasks.execution.ExecuteActionsTaskExecuter.execute(ExecuteActionsTaskExecuter.java:135)
	at org.gradle.api.internal.tasks.execution.FinalizePropertiesTaskExecuter.execute(FinalizePropertiesTaskExecuter.java:46)
	at org.gradle.api.internal.tasks.execution.ResolveTaskExecutionModeExecuter.execute(ResolveTaskExecutionModeExecuter.java:51)
	at org.gradle.api.internal.tasks.execution.SkipTaskWithNoActionsExecuter.execute(SkipTaskWithNoActionsExecuter.java:57)
	at org.gradle.api.internal.tasks.execution.SkipOnlyIfTaskExecuter.execute(SkipOnlyIfTaskExecuter.java:74)
	at org.gradle.api.internal.tasks.execution.CatchExceptionTaskExecuter.execute(CatchExceptionTaskExecuter.java:36)
	at org.gradle.api.internal.tasks.execution.EventFiringTaskExecuter$1.executeTask(EventFiringTaskExecuter.java:77)
	at org.gradle.api.internal.tasks.execution.EventFiringTaskExecuter$1.call(EventFiringTaskExecuter.java:55)
	at org.gradle.api.internal.tasks.execution.EventFiringTaskExecuter$1.call(EventFiringTaskExecuter.java:52)
	at org.gradle.internal.operations.DefaultBuildOperationRunner$CallableBuildOperationWorker.execute(DefaultBuildOperationRunner.java:204)
	at org.gradle.internal.operations.DefaultBuildOperationRunner$CallableBuildOperationWorker.execute(DefaultBuildOperationRunner.java:199)
	at org.gradle.internal.operations.DefaultBuildOperationRunner$2.execute(DefaultBuildOperationRunner.java:66)
	at org.gradle.internal.operations.DefaultBuildOperationRunner$2.execute(DefaultBuildOperationRunner.java:59)
	at org.gradle.internal.operations.DefaultBuildOperationRunner.execute(DefaultBuildOperationRunner.java:157)
	at org.gradle.internal.operations.DefaultBuildOperationRunner.execute(DefaultBuildOperationRunner.java:59)
	at org.gradle.internal.operations.DefaultBuildOperationRunner.call(DefaultBuildOperationRunner.java:53)
	at org.gradle.internal.operations.DefaultBuildOperationExecutor.call(DefaultBuildOperationExecutor.java:73)
	at org.gradle.api.internal.tasks.execution.EventFiringTaskExecuter.execute(EventFiringTaskExecuter.java:52)
	at org.gradle.execution.plan.LocalTaskNodeExecutor.execute(LocalTaskNodeExecutor.java:42)
	at org.gradle.execution.taskgraph.DefaultTaskExecutionGraph$InvokeNodeExecutorsAction.execute(DefaultTaskExecutionGraph.java:338)
	at org.gradle.execution.taskgraph.DefaultTaskExecutionGraph$InvokeNodeExecutorsAction.execute(DefaultTaskExecutionGraph.java:325)
	at org.gradle.execution.taskgraph.DefaultTaskExecutionGraph$BuildOperationAwareExecutionAction.execute(DefaultTaskExecutionGraph.java:318)
	at org.gradle.execution.taskgraph.DefaultTaskExecutionGraph$BuildOperationAwareExecutionAction.execute(DefaultTaskExecutionGraph.java:304)
	at org.gradle.execution.plan.DefaultPlanExecutor$ExecutorWorker.execute(DefaultPlanExecutor.java:463)
	at org.gradle.execution.plan.DefaultPlanExecutor$ExecutorWorker.run(DefaultPlanExecutor.java:380)
	at org.gradle.internal.concurrent.ExecutorPolicy$CatchAndRecordFailures.onExecute(ExecutorPolicy.java:64)
	at org.gradle.internal.concurrent.ManagedExecutorImpl$1.run(ManagedExecutorImpl.java:49)


* Get more help at https://help.gradle.org

BUILD FAILED in 1m 4s
1 actionable task: 1 executed
